
There are no discarded input sections

Memory Configuration

Name             Origin             Length             Attributes
FLASH            0x08000000         0x00080000         xr
RAM              0x20000000         0x00020000         xrw
*default*        0x00000000         0xffffffff

Linker script and memory map

LOAD build/main.o
LOAD build/startup_stm32f446retx.o
START GROUP
LOAD /usr/lib/gcc/arm-none-eabi/14.2.0/thumb/v7e-m+fp/hard/libgcc.a
LOAD /usr/lib/gcc/arm-none-eabi/14.2.0/../../../../arm-none-eabi/lib/thumb/v7e-m+fp/hard/libc.a
END GROUP
                0x20020000                        _estack = (ORIGIN (RAM) + LENGTH (RAM))

.isr_vector     0x08000000       0x40
                0x08000000                        . = ALIGN (0x4)
 *(.isr_vector)
 .isr_vector    0x08000000       0x40 build/startup_stm32f446retx.o
                0x08000000                g_pfnVectors
                0x08000040                        . = ALIGN (0x4)

.text           0x08000040       0x54
                0x08000040                        . = ALIGN (0x4)
 *(.text)
 .text          0x08000040       0x44 build/main.o
                0x08000040                main
 .text          0x08000084        0x0 build/startup_stm32f446retx.o
 *(.text*)
 .text.Reset_Handler
                0x08000084        0xa build/startup_stm32f446retx.o
                0x08000084                Reset_Handler
 .text.SystemInit
                0x0800008e        0x2 build/startup_stm32f446retx.o
                0x0800008e                SystemInit
 .text.Default_Handler
                0x08000090        0x2 build/startup_stm32f446retx.o
                0x08000090                HardFault_Handler
                0x08000090                NMI_Handler
                0x08000090                Default_Handler
 *(.rodata)
 *(.rodata*)
                0x08000094                        . = ALIGN (0x4)
 *fill*         0x08000092        0x2 
                0x08000094                        _etext = .

.glue_7         0x08000094        0x0
 .glue_7        0x08000094        0x0 linker stubs

.glue_7t        0x08000094        0x0
 .glue_7t       0x08000094        0x0 linker stubs

.vfp11_veneer   0x08000094        0x0
 .vfp11_veneer  0x08000094        0x0 linker stubs

.v4_bx          0x08000094        0x0
 .v4_bx         0x08000094        0x0 linker stubs

.iplt           0x08000094        0x0
 .iplt          0x08000094        0x0 build/startup_stm32f446retx.o

.rel.dyn        0x08000094        0x0
 .rel.iplt      0x08000094        0x0 build/startup_stm32f446retx.o

.data           0x20000000        0x0 load address 0x08000094
                0x20000000                        . = ALIGN (0x4)
                0x20000000                        _sdata = .
 *(.data)
 .data          0x20000000        0x0 build/main.o
 .data          0x20000000        0x0 build/startup_stm32f446retx.o
 *(.data*)
                0x20000000                        . = ALIGN (0x4)
                0x20000000                        _edata = .

.igot.plt       0x20000000        0x0 load address 0x08000094
 .igot.plt      0x20000000        0x0 build/startup_stm32f446retx.o

.bss            0x20000000        0x0 load address 0x08000094
                0x20000000                        . = ALIGN (0x4)
                0x20000000                        _sbss = .
                0x20000000                        __bss_start__ = _sbss
 *(.bss)
 .bss           0x20000000        0x0 build/main.o
 .bss           0x20000000        0x0 build/startup_stm32f446retx.o
 *(.bss*)
 *(COMMON)
                0x20000000                        . = ALIGN (0x4)
                0x20000000                        _ebss = .
                0x20000000                        __bss_end__ = _ebss

/DISCARD/
 libc.a(*)
 libm.a(*)
 libgcc.a(*)

.ARM.attributes
                0x00000000       0x32
 *(.ARM.attributes)
 .ARM.attributes
                0x00000000       0x34 build/main.o
 .ARM.attributes
                0x00000034       0x25 build/startup_stm32f446retx.o
OUTPUT(build/led_on.elf elf32-littlearm)
LOAD linker stubs
LOAD /usr/lib/gcc/arm-none-eabi/14.2.0/../../../../arm-none-eabi/lib/thumb/v7e-m+fp/hard/libc.a
LOAD /usr/lib/gcc/arm-none-eabi/14.2.0/../../../../arm-none-eabi/lib/thumb/v7e-m+fp/hard/libm.a
LOAD /usr/lib/gcc/arm-none-eabi/14.2.0/thumb/v7e-m+fp/hard/libgcc.a

.debug_info     0x00000000       0x7f
 .debug_info    0x00000000       0x44 build/main.o
 .debug_info    0x00000044       0x3b build/startup_stm32f446retx.o

.debug_abbrev   0x00000000       0x5e
 .debug_abbrev  0x00000000       0x3a build/main.o
 .debug_abbrev  0x0000003a       0x24 build/startup_stm32f446retx.o

.debug_aranges  0x00000000       0x50
 .debug_aranges
                0x00000000       0x20 build/main.o
 .debug_aranges
                0x00000020       0x30 build/startup_stm32f446retx.o

.debug_line     0x00000000       0xba
 .debug_line    0x00000000       0x55 build/main.o
 .debug_line    0x00000055       0x65 build/startup_stm32f446retx.o

.debug_str      0x00000000       0xe4
 .debug_str     0x00000000       0xe4 build/main.o
                                 0xa7 (size before relaxing)
 .debug_str     0x000000e4       0x6b build/startup_stm32f446retx.o

.comment        0x00000000       0x1e
 .comment       0x00000000       0x1e build/main.o
                                 0x1f (size before relaxing)

.debug_frame    0x00000000       0x28
 .debug_frame   0x00000000       0x28 build/main.o

.debug_line_str
                0x00000000       0x46
 .debug_line_str
                0x00000000       0x46 build/startup_stm32f446retx.o

.debug_rnglists
                0x00000000       0x1f
 .debug_rnglists
                0x00000000       0x1f build/startup_stm32f446retx.o

Cross Reference Table

Symbol                                            File
Default_Handler                                   build/startup_stm32f446retx.o
HardFault_Handler                                 build/startup_stm32f446retx.o
NMI_Handler                                       build/startup_stm32f446retx.o
Reset_Handler                                     build/startup_stm32f446retx.o
SystemInit                                        build/startup_stm32f446retx.o
_estack                                           build/startup_stm32f446retx.o
g_pfnVectors                                      build/startup_stm32f446retx.o
main                                              build/main.o
                                                  build/startup_stm32f446retx.o
